[INFO] Server started at 10:00 AM
[INFO] User logged in
[ERROR] Database connection failed
[WARN] High memory usage detected
[ERROR] Timeout waiting for service
[INFO] User logged out